// Jest Snapshot v1, https://goo.gl/fbAQLP

exports[`TooltipItem renders correctly 1`] = `
<li
  className="tooltip-item"
>
  <Audio
    fillColor="#ffffff"
    height={20}
    width={20}
  />
  <span>
    Some Text
  </span>
</li>
`;
