// Jest Snapshot v1, https://goo.gl/fbAQLP

exports[`Tooltip renders correctly 1`] = `
<div
  className="tooltip"
>
  <div
    className="pointer"
  />
  <ul>
    <TooltipItem>
      <Audio
        fillColor="#ffffff"
        height={20}
        width={20}
      />
      <span>
        Button Call To Action Longer
      </span>
    </TooltipItem>
    <TooltipItem>
      <Delivery
        fillColor="#ffffff"
        height={20}
        width={20}
      />
      <span>
        Button Call To Action Longer
      </span>
    </TooltipItem>
    <TooltipItem>
      <Edit
        fillColor="#ffffff"
        height={20}
        width={20}
      />
      <span>
        Button Call To Action Longer
      </span>
    </TooltipItem>
    <TooltipItem>
      <Favourites
        fillColor="#ffffff"
        height={20}
        width={20}
      />
      <span>
        Button Call To Action Longer
      </span>
    </TooltipItem>
    <TooltipItem>
      <GiftCards
        fillColor="#ffffff"
        height={20}
        width={20}
      />
      <span>
        Button Call To Action Longer
      </span>
    </TooltipItem>
  </ul>
</div>
`;
